SET client_min_messages = warning;
CREATE EXTENSION pg_migrate;
RESET client_min_messages;
